
> technician-system-backend@1.0.0 dev
> nodemon server.js

[33m[nodemon] 3.1.14[39m
[33m[nodemon] to restart at any time, enter `rs`[39m
[33m[nodemon] watching path(s): *.*[39m
[33m[nodemon] watching extensions: js,mjs,cjs,json[39m
[32m[nodemon] starting `node server.js`[39m
ℹ️ No DATABASE_URL found. Operating in local SQLite-only mode.
🚀 Server running at http://localhost:4000
[32m[nodemon] restarting due to changes...[39m
[32m[nodemon] starting `node server.js`[39m
ℹ️ No DATABASE_URL found. Operating in local SQLite-only mode.
🚀 Server running at http://localhost:4000
[32m[nodemon] restarting due to changes...[39m
[32m[nodemon] starting `node server.js`[39m
ℹ️ No DATABASE_URL found. Operating in local SQLite-only mode.
🚀 Server running at http://localhost:4000
[32m[nodemon] restarting due to changes...[39m
[32m[nodemon] starting `node server.js`[39m
ℹ️ No DATABASE_URL found. Operating in local SQLite-only mode.
🚀 Server running at http://localhost:4000
[32m[nodemon] restarting due to changes...[39m
[32m[nodemon] starting `node server.js`[39m
ℹ️ No DATABASE_URL found. Operating in local SQLite-only mode.
🚀 Server running at http://localhost:4000
[32m[nodemon] restarting due to changes...[39m
[32m[nodemon] starting `node server.js`[39m
ℹ️ No DATABASE_URL found. Operating in local SQLite-only mode.
🚀 Server running at http://localhost:4000
[32m[nodemon] restarting due to changes...[39m
[32m[nodemon] starting `node server.js`[39m
ℹ️ No DATABASE_URL found. Operating in local SQLite-only mode.
🚀 Server running at http://localhost:4000
[32m[nodemon] restarting due to changes...[39m
[32m[nodemon] starting `node server.js`[39m
ℹ️ No DATABASE_URL found. Operating in local SQLite-only mode.
✅ time_logs migrated — added operator_id column
✅ tasks migrated — added operator_id column
✅ Default operators seeded
🚀 Server running at http://localhost:4000
[32m[nodemon] restarting due to changes...[39m
[32m[nodemon] starting `node server.js`[39m
ℹ️ No DATABASE_URL found. Operating in local SQLite-only mode.
🚀 Server running at http://localhost:4000
[32m[nodemon] restarting due to changes...[39m
[32m[nodemon] starting `node server.js`[39m
ℹ️ No DATABASE_URL found. Operating in local SQLite-only mode.
🚀 Server running at http://localhost:4000
[32m[nodemon] restarting due to changes...[39m
[32m[nodemon] starting `node server.js`[39m
ℹ️ No DATABASE_URL found. Operating in local SQLite-only mode.
🚀 Server running at http://localhost:4000
[32m[nodemon] restarting due to changes...[39m
[32m[nodemon] starting `node server.js`[39m
ℹ️ No DATABASE_URL found. Operating in local SQLite-only mode.
🚀 Server running at http://localhost:4000
[32m[nodemon] restarting due to changes...[39m
[32m[nodemon] starting `node server.js`[39m
ℹ️ No DATABASE_URL found. Operating in local SQLite-only mode.
🚀 Server running at http://localhost:4000
[32m[nodemon] restarting due to changes...[39m
[32m[nodemon] starting `node server.js`[39m
ℹ️ No DATABASE_URL found. Operating in local SQLite-only mode.
🚀 Server running at http://localhost:4000
[32m[nodemon] restarting due to changes...[39m
[32m[nodemon] starting `node server.js`[39m
ℹ️ No DATABASE_URL found. Operating in local SQLite-only mode.
🚀 Server running at http://localhost:4000
[32m[nodemon] restarting due to changes...[39m
[32m[nodemon] starting `node server.js`[39m
ℹ️ No DATABASE_URL found. Operating in local SQLite-only mode.
🚀 Server running at http://localhost:4000
[32m[nodemon] restarting due to changes...[39m
[32m[nodemon] starting `node server.js`[39m
ℹ️ No DATABASE_URL found. Operating in local SQLite-only mode.
✅ equipment migrated — added operator_id column
🚀 Server running at http://localhost:4000
[32m[nodemon] restarting due to changes...[39m
[32m[nodemon] starting `node server.js`[39m
ℹ️ No DATABASE_URL found. Operating in local SQLite-only mode.
🚀 Server running at http://localhost:4000
[32m[nodemon] restarting due to changes...[39m
[32m[nodemon] starting `node server.js`[39m
ℹ️ No DATABASE_URL found. Operating in local SQLite-only mode.
✅ equipment_operators join table created and seeded from equipment table
🚀 Server running at http://localhost:4000
[32m[nodemon] restarting due to changes...[39m
[32m[nodemon] starting `node server.js`[39m
ℹ️ No DATABASE_URL found. Operating in local SQLite-only mode.
✅ equipment_operators join table created and seeded from equipment table
🚀 Server running at http://localhost:4000
[32m[nodemon] restarting due to changes...[39m
[32m[nodemon] starting `node server.js`[39m
ℹ️ No DATABASE_URL found. Operating in local SQLite-only mode.
✅ equipment_operators join table created and seeded from equipment table
🚀 Server running at http://localhost:4000
[32m[nodemon] restarting due to changes...[39m
[32m[nodemon] starting `node server.js`[39m
ℹ️ No DATABASE_URL found. Operating in local SQLite-only mode.
✅ equipment_operators join table created and seeded from equipment table
🚀 Server running at http://localhost:4000
[32m[nodemon] restarting due to changes...[39m
[32m[nodemon] starting `node server.js`[39m
ℹ️ No DATABASE_URL found. Operating in local SQLite-only mode.
✅ equipment_operators join table created and seeded from equipment table
🚀 Server running at http://localhost:4000
[32m[nodemon] restarting due to changes...[39m
[32m[nodemon] starting `node server.js`[39m
ℹ️ No DATABASE_URL found. Operating in local SQLite-only mode.
✅ equipment_operators join table created and seeded from equipment table
🚀 Server running at http://localhost:4000
[32m[nodemon] restarting due to changes...[39m
[32m[nodemon] starting `node server.js`[39m
ℹ️ No DATABASE_URL found. Operating in local SQLite-only mode.
✅ equipment_operators join table created and seeded from equipment table
🚀 Server running at http://localhost:4000
